                                        H SERIES LINKAGE EDITOR Ver. 5.3B


LINK COMMAND LINE


LNK /SUB=link.sub 



LINK SUBCOMMANDS


INPUT   crt0,vector,sample,MinSys3069,kernel_cfg
LIBRARY \Progra~1\h8v2\lib\c38ha
LIBRARY \hos_v4\lib\h83\akih8\h4h83aki
DEFINE  STACK(0FFFF20)
PRINT   sample.map
OUTPUT  sample.abs
ROM     (D,X)
START VECT(0),P,C,D(100),X,B(0400000)
EXIT



                                  H SERIES LINKAGE EDITOR Ver. 5.3B                      PAGE :     1

                                        ***     LINKAGE EDITOR LINK MAP LIST      ***


SECTION   NAME                       START      -      END         LENGTH
                                                              UNIT NAME                          MODULE NAME


ATTRIBUTE  :   DATA  NOSHR

VECT                              H'00000000    -    H'000000FF   H'00000100
                                                              vector                             vector                          

* TOTAL ADDRESS *                 H'00000000    -    H'000000FF   H'00000100


ATTRIBUTE  :   CODE  NOSHR

P                                 H'00000100    -    H'000001B3   H'000000B4
                                                              crt0                               crt0                            
                                  H'000001B4    -    H'0000030F   H'0000015C
                                                              sample                             sample                          
                                  H'00000310    -    H'00000D21   H'00000A12
                                                              MinSys3069                         MinSys3069                      
                                  H'00000D22    -    H'00000DAF   H'0000008E
                                                              kernel_cfg                         kernel_cfg                      
                                  H'00000DB0    -    H'00000DEB   H'0000003C
                                                              divul3                             divul3                          
                                  H'00000DEC    -    H'00000E0B   H'00000020
                                                              mull3                              mull3                           
                                  H'00000E0C    -    H'00000E33   H'00000028
                                                              mvn3                               mvn3                            
                                  H'00000E34    -    H'00000E5B   H'00000028
                                                              spregsv3                           spregsv3                        
                                  H'00000E5C    -    H'00000E71   H'00000016
                                                              sprgld23                           sprgld23                        
                                  H'00000E72    -    H'00000EE3   H'00000072
                                                              acre_cyc                           acre_cyc                        
                                  H'00000EE4    -    H'00000F55   H'00000072
                                                              acre_tsk                           acre_tsk                        
                                  H'00000F56    -    H'00001067   H'00000112
                                                              act_tsk                            act_tsk                         
                                  H'00001068    -    H'0000110F   H'000000A8
                                                              ext_tsk                            ext_tsk                         
                                  H'00001110    -    H'0000112D   H'0000001E
                                                              ini_mem                            ini_mem                         
                                  H'0000112E    -    H'000011BB   H'0000008E
                                                              ini_tsk                            ini_tsk                         
                                  H'000011BC    -    H'00001297   H'000000DC
                                                              isig_tim                           isig_tim                        
                                  H'00001298    -    H'00001633   H'0000039C
                                                              pacint                             pacint                          
                                  H'00001634    -    H'000016BB   H'00000088
                                                              slp_tsk                            slp_tsk                         
                                  H'000016BC    -    H'00001733   H'00000078
                                                              sta_cyc                            sta_cyc                         



                                  H SERIES LINKAGE EDITOR Ver. 5.3B                      PAGE :     2

                                        ***     LINKAGE EDITOR LINK MAP LIST      ***


SECTION   NAME                       START      -      END         LENGTH
                                                              UNIT NAME                          MODULE NAME


ATTRIBUTE  :   CODE  NOSHR

P                                 H'00001734    -    H'00001761   H'0000002E
                                                              sta_hos                            sta_hos                         
                                  H'00001762    -    H'00001829   H'000000C8
                                                              sta_tsk                            sta_tsk                         
                                  H'0000182A    -    H'0000192D   H'00000104
                                                              wup_tsk                            wup_tsk                         
                                  H'0000192E    -    H'0000197F   H'00000052
                                                              add_tml                            add_tml                         
                                  H'00001980    -    H'000019EF   H'00000070
                                                              cre_hep                            cre_hep                         
                                  H'000019F0    -    H'00001A87   H'00000098
                                                              exe_int                            exe_int                         
                                  H'00001A88    -    H'00001A99   H'00000012
                                                              ini_tim                            ini_tim                         
                                  H'00001A9A    -    H'00001B2D   H'00000094
                                                              kcre_cyc                           kcre_cyc                        
                                  H'00001B2E    -    H'00001C45   H'00000118
                                                              kcre_tsk                           kcre_tsk                        
                                  H'00001C46    -    H'00001CBF   H'0000007A
                                                              mexe_dsp                           mexe_dsp                        
                                  H'00001CC0    -    H'00001D1F   H'00000060
                                                              mexe_sys                           mexe_sys                        
                                  H'00001D20    -    H'00001D61   H'00000042
                                                              mexe_tex                           mexe_tex                        
                                  H'00001D62    -    H'00001DA3   H'00000042
                                                              mext_stu                           mext_stu                        
                                  H'00001DA4    -    H'00001DDF   H'0000003C
                                                              mini_sys                           mini_sys                        
                                  H'00001DE0    -    H'00001E6F   H'00000090
                                                              mrmv_tmo                           mrmv_tmo                        
                                  H'00001E70    -    H'00001E7B   H'0000000C
                                                              msta_stu                           msta_stu                        
                                  H'00001E7C    -    H'00001EE9   H'0000006E
                                                              msta_tsk                           msta_tsk                        
                                  H'00001EEA    -    H'00001F13   H'0000002A
                                                              mter_tsk                           mter_tsk                        
                                  H'00001F14    -    H'00001FC9   H'000000B6
                                                              mtic_tmo                           mtic_tmo                        
                                  H'00001FCA    -    H'00001FE3   H'0000001A
                                                              mwai_tsk                           mwai_tsk                        
                                  H'00001FE4    -    H'0000202D   H'0000004A
                                                              mwup_tsk                           mwup_tsk                        
                                  H'0000202E    -    H'000020A9   H'0000007C
                                                              pacctx                             pacctx                          
                                  H'000020AA    -    H'000020AB   H'00000002
                                                              pacini                             pacini                          



                                  H SERIES LINKAGE EDITOR Ver. 5.3B                      PAGE :     3

                                        ***     LINKAGE EDITOR LINK MAP LIST      ***


SECTION   NAME                       START      -      END         LENGTH
                                                              UNIT NAME                          MODULE NAME


ATTRIBUTE  :   CODE  NOSHR

P                                 H'000020AC    -    H'000020D7   H'0000002C
                                                              memset                             memset                          
                                  H'000020D8    -    H'000020EF   H'00000018
                                                              alc_mem                            alc_mem                         
                                  H'000020F0    -    H'0000215B   H'0000006C
                                                              cyc_hdr                            cyc_hdr                         
                                  H'0000215C    -    H'000021C5   H'0000006A
                                                              ktex_ent                           ktex_ent                        
                                  H'000021C6    -    H'00002211   H'0000004C
                                                              madf_que                           madf_que                        
                                  H'00002212    -    H'0000222F   H'0000001E
                                                              mdly_dsp                           mdly_dsp                        
                                  H'00002230    -    H'0000223F   H'00000010
                                                              midl_lop                           midl_lop                        
                                  H'00002240    -    H'0000228F   H'00000050
                                                              mrmv_que                           mrmv_que                        
                                  H'00002290    -    H'000022C5   H'00000036
                                                              msrh_top                           msrh_top                        
                                  H'000022C6    -    H'00002377   H'000000B2
                                                              alc_hep                            alc_hep                         

* TOTAL ADDRESS *                 H'00000100    -    H'00002377   H'00002278


ATTRIBUTE  :   DATA  NOSHR

C                                 H'00002378    -    H'0000237B   H'00000004
                                                              crt0                               crt0                            
                                  H'0000237C    -    H'00002437   H'000000BC
                                                              sample                             sample                          
                                  H'00002438    -    H'0000246A   H'00000033
                                                              MinSys3069                         MinSys3069                      
                                  H'0000246C    -    H'000024B3   H'00000048
                                                              kernel_cfg                         kernel_cfg                      

* TOTAL ADDRESS *                 H'00002378    -    H'000024B3   H'0000013C


ATTRIBUTE  :   DATA  NOSHR ROM

D                                 H'000024B4    -    H'000024B4   H'00000000
                                                              crt0                               crt0                            
                                  H'000024B4    -    H'000024B5   H'00000002
                                                              sample                             sample                          
                                  H'000024B6    -    H'00002505   H'00000050
                                                              kernel_cfg                         kernel_cfg                      



                                  H SERIES LINKAGE EDITOR Ver. 5.3B                      PAGE :     4

                                        ***     LINKAGE EDITOR LINK MAP LIST      ***


SECTION   NAME                       START      -      END         LENGTH
                                                              UNIT NAME                          MODULE NAME


ATTRIBUTE  :   DATA  NOSHR ROM

D                                 H'00002506    -    H'00002506   H'00000000
                                                              pacint                             pacint                          
                                  H'00002506    -    H'00002509   H'00000004
                                                              ini_tim                            ini_tim                         
                                  H'0000250A    -    H'0000250D   H'00000004
                                                              mini_sys                           mini_sys                        
                                  H'0000250E    -    H'0000250F   H'00000002
                                                              pacini                             pacini                          
                                  H'00002510    -    H'00002511   H'00000002
                                                              ram_int                            ram_int                         

* TOTAL ADDRESS *                 H'000024B4    -    H'00002511   H'0000005E


ATTRIBUTE  :   DATA  NOSHR RAM

X                                 H'00400000    -    H'00400000   H'00000000
                                                              crt0                               crt0                            
                                  H'00400000    -    H'00400001   H'00000002
                                                              sample                             sample                          
                                  H'00400002    -    H'00400051   H'00000050
                                                              kernel_cfg                         kernel_cfg                      
                                  H'00400052    -    H'00400052   H'00000000
                                                              pacint                             pacint                          
                                  H'00400052    -    H'00400055   H'00000004
                                                              ini_tim                            ini_tim                         
                                  H'00400056    -    H'00400059   H'00000004
                                                              mini_sys                           mini_sys                        
                                  H'0040005A    -    H'0040005B   H'00000002
                                                              pacini                             pacini                          
                                  H'0040005C    -    H'0040005D   H'00000002
                                                              ram_int                            ram_int                         

* TOTAL ADDRESS *                 H'00400000    -    H'0040005D   H'0000005E


ATTRIBUTE  :   DATA  NOSHR

B                                 H'0040005E    -    H'0040005E   H'00000000
                                                              crt0                               crt0                            
                                  H'0040005E    -    H'00400063   H'00000006
                                                              sample                             sample                          
                                  H'00400064    -    H'00400087   H'00000024
                                                              MinSys3069                         MinSys3069                      
                                  H'00400088    -    H'004089E9   H'00008962
                                                              kernel_cfg                         kernel_cfg                      



                                  H SERIES LINKAGE EDITOR Ver. 5.3B                      PAGE :     5

                                        ***     LINKAGE EDITOR LINK MAP LIST      ***


SECTION   NAME                       START      -      END         LENGTH
                                                              UNIT NAME                          MODULE NAME


ATTRIBUTE  :   DATA  NOSHR

B                                 H'004089EA    -    H'004089F1   H'00000008
                                                              ini_mem                            ini_mem                         
                                  H'004089F2    -    H'004089F9   H'00000008
                                                              isig_tim                           isig_tim                        
                                  H'004089FA    -    H'004089FF   H'00000006
                                                              ini_tim                            ini_tim                         
                                  H'00408A00    -    H'00408A03   H'00000004
                                                              mexe_sys                           mexe_sys                        
                                  H'00408A04    -    H'00408A09   H'00000006
                                                              mini_sys                           mini_sys                        
                                  H'00408A0A    -    H'00408A0D   H'00000004
                                                              mtic_tmo                           mtic_tmo                        
                                  H'00408A0E    -    H'00408A11   H'00000004
                                                              ram_int                            ram_int                         

* TOTAL ADDRESS *                 H'0040005E    -    H'00408A11   H'000089B4



                                  H SERIES LINKAGE EDITOR Ver. 5.3B                      PAGE :     1

                                      ***  LINKAGE EDITOR EXTERNALLY DEFINED SYMBOLS LIST  ***

                                 SYMBOL  NAME                         ADDR                 TYPE

                                  $DIVUL$3                             H'00000DB0           DAT
                                  $MULL$3                              H'00000DEC           DAT
                                  $MVN$3                               H'00000E0C           DAT
                                  $sp_regsv$3                          H'00000E34           DAT
                                  $spregld2$3                          H'00000E5C           DAT
                                  _CYC_wupCButton                      H'00000258           ENT
                                  _LCD_printf                          H'00000BC6           ENT
                                  _LCDclrscr                           H'000006C4           ENT
                                  _LCDgotoxy                           H'000006A8           ENT
                                  _LCDputchar                          H'0000060A           ENT
                                  _LCDputs                             H'0000062C           ENT
                                  _OnHosStart                          H'000001CA           ENT
                                  _SCI1_ERI_handler                    H'0000037C           ENT
                                  _SCI1_RXI_handler                    H'00000340           ENT
                                  _SCI1_printf                         H'00000B7A           ENT
                                  _SystemTimerHandler                  H'00000D16           ENT
                                  _acre_cyc                            H'00000E72           ENT
                                  _acre_tsk                            H'00000EE4           ENT
                                  _act_tsk                             H'00000F56           ENT
                                  _buttonHandler                       H'000002BC           ENT
                                  _check4BitSW                         H'00000CA8           ENT
                                  _checkButton                         H'00000264           ENT
                                  _checkPushSW                         H'00000C7C           ENT
                                  _chkgetCharSCI1                      H'000003E8           ENT
                                  _cycID                               H'00400062           DAT
                                  _ext_tsk                             H'00001068           ENT
                                  _get4BitSW                           H'00000CA2           ENT
                                  _getCharSCI1                         H'0000038A           ENT
                                  _getIntSCI1                          H'00000484           ENT
                                  _getPushSW                           H'00000C6E           ENT
                                  _getStringSCI1                       H'0000043C           ENT
                                  _hos_vector001                       H'00001298           DAT
                                  _hos_vector002                       H'000012A4           DAT
                                  _hos_vector003                       H'000012B0           DAT
                                  _hos_vector004                       H'000012BC           DAT
                                  _hos_vector005                       H'000012C8           DAT
                                  _hos_vector006                       H'000012D4           DAT
                                  _hos_vector007                       H'000012E0           DAT
                                  _hos_vector008                       H'000012EC           DAT
                                  _hos_vector009                       H'000012F8           DAT
                                  _hos_vector010                       H'00001304           DAT
                                  _hos_vector011                       H'00001310           DAT
                                  _hos_vector012                       H'0000131E           DAT
                                  _hos_vector013                       H'0000132A           DAT
                                  _hos_vector014                       H'00001336           DAT
                                  _hos_vector015                       H'00001342           DAT
                                  _hos_vector016                       H'0000134E           DAT
                                  _hos_vector017                       H'0000135A           DAT
                                  _hos_vector018                       H'00001366           DAT
                                  _hos_vector019                       H'00001372           DAT
                                  _hos_vector020                       H'0000137E           DAT



                                  H SERIES LINKAGE EDITOR Ver. 5.3B                      PAGE :     2

                                      ***  LINKAGE EDITOR EXTERNALLY DEFINED SYMBOLS LIST  ***

                                 SYMBOL  NAME                         ADDR                 TYPE

                                  _hos_vector021                       H'0000138A           DAT
                                  _hos_vector022                       H'00001396           DAT
                                  _hos_vector023                       H'000013A2           DAT
                                  _hos_vector024                       H'000013AE           DAT
                                  _hos_vector025                       H'000013BA           DAT
                                  _hos_vector026                       H'000013C6           DAT
                                  _hos_vector027                       H'000013D2           DAT
                                  _hos_vector028                       H'000013DE           DAT
                                  _hos_vector029                       H'000013EA           DAT
                                  _hos_vector030                       H'000013F6           DAT
                                  _hos_vector031                       H'00001402           DAT
                                  _hos_vector032                       H'0000140E           DAT
                                  _hos_vector033                       H'0000141C           DAT
                                  _hos_vector034                       H'00001428           DAT
                                  _hos_vector035                       H'00001434           DAT
                                  _hos_vector036                       H'00001440           DAT
                                  _hos_vector037                       H'0000144C           DAT
                                  _hos_vector038                       H'00001458           DAT
                                  _hos_vector039                       H'00001464           DAT
                                  _hos_vector040                       H'00001470           DAT
                                  _hos_vector041                       H'0000147C           DAT
                                  _hos_vector042                       H'00001488           DAT
                                  _hos_vector043                       H'00001494           DAT
                                  _hos_vector044                       H'000014A0           DAT
                                  _hos_vector045                       H'000014AC           DAT
                                  _hos_vector046                       H'000014B8           DAT
                                  _hos_vector047                       H'000014C4           DAT
                                  _hos_vector048                       H'000014D0           DAT
                                  _hos_vector049                       H'000014DC           DAT
                                  _hos_vector050                       H'000014E8           DAT
                                  _hos_vector051                       H'000014F4           DAT
                                  _hos_vector052                       H'00001500           DAT
                                  _hos_vector053                       H'0000150E           DAT
                                  _hos_vector054                       H'0000151A           DAT
                                  _hos_vector055                       H'00001526           DAT
                                  _hos_vector056                       H'00001532           DAT
                                  _hos_vector057                       H'0000153E           DAT
                                  _hos_vector058                       H'0000154A           DAT
                                  _hos_vector059                       H'00001556           DAT
                                  _hos_vector060                       H'00001562           DAT
                                  _hos_vector061                       H'0000156E           DAT
                                  _hos_vector062                       H'0000157A           DAT
                                  _hos_vector063                       H'00001586           DAT
                                  _hospac_cre_ctx_asm                  H'00002040           DAT
                                  _hospac_dis_int                      H'0000202E           DAT
                                  _hospac_ena_int                      H'00002032           DAT
                                  _hospac_ini_sys                      H'000020AA           ENT
                                  _hospac_swi_ctx                      H'00002074           DAT
                                  _idletask                            H'00000D20           ENT
                                  _initLCD                             H'00000642           ENT
                                  _initSCI1                            H'00000310           ENT



                                  H SERIES LINKAGE EDITOR Ver. 5.3B                      PAGE :     3

                                      ***  LINKAGE EDITOR EXTERNALLY DEFINED SYMBOLS LIST  ***

                                 SYMBOL  NAME                         ADDR                 TYPE

                                  _initSystemTimer                     H'00000D0A           ENT
                                  _isig_tim                            H'000011BC           ENT
                                  _kernel_add_tml                      H'0000192E           ENT
                                  _kernel_alc_hep                      H'000022C6           ENT
                                  _kernel_alc_mem                      H'000020D8           ENT
                                  _kernel_almcb_cnt                    H'000024A8           DAT
                                  _kernel_cfg_init                     H'00000D22           ENT
                                  _kernel_cfg_start                    H'00000D88           ENT
                                  _kernel_cre_cyc                      H'00001A9A           ENT
                                  _kernel_cre_hep                      H'00001980           ENT
                                  _kernel_cre_tsk                      H'00001B2E           ENT
                                  _kernel_cyc_hdr                      H'000020F0           ENT
                                  _kernel_cyccb_cnt                    H'000024A6           DAT
                                  _kernel_cyccb_ram_tbl                H'00400032           DAT
                                  _kernel_dtqcb_cnt                    H'0000249C           DAT
                                  _kernel_end_int                      H'00001A00           ENT
                                  _kernel_exccb_cnt                    H'000024B0           DAT
                                  _kernel_exccb_tbl                    H'004008B0           DAT
                                  _kernel_exe_int                      H'00001A12           ENT
                                  _kernel_flgcb_cnt                    H'0000249A           DAT
                                  _kernel_flgcb_ram_tbl                H'00400022           DAT
                                  _kernel_h83_ibmsk                    H'0040005B           DAT
                                  _kernel_h83_imsk                     H'0040005A           DAT
                                  _kernel_heap_mem                     H'00400934           DAT
                                  _kernel_ini_mem                      H'00001110           ENT
                                  _kernel_ini_tim                      H'00001A88           ENT
                                  _kernel_ini_tsk                      H'0000112E           ENT
                                  _kernel_int_cnt                      H'0040005C           DAT
                                  _kernel_int_sp                       H'00002378           DAT
                                  _kernel_int_ssp                      H'00408A0E           DAT
                                  _kernel_intcb_cnt                    H'000024AA           DAT
                                  _kernel_intcb_tbl                    H'004000A8           DAT
                                  _kernel_isrcb_cnt                    H'000024AE           DAT
                                  _kernel_mbfcb_cnt                    H'000024A0           DAT
                                  _kernel_mbxcb_cnt                    H'0000249E           DAT
                                  _kernel_mem_hep                      H'004089EA           DAT
                                  _kernel_min_excno                    H'000024B2           DAT
                                  _kernel_min_intno                    H'000024AC           DAT
                                  _kernel_mpfcb_cnt                    H'000024A2           DAT
                                  _kernel_mplcb_cnt                    H'000024A4           DAT
                                  _kernel_semcb_cnt                    H'00002498           DAT
                                  _kernel_sta_int                      H'000019F0           ENT
                                  _kernel_systim                       H'004089FA           DAT
                                  _kernel_task_entry                   H'00001176           ENT
                                  _kernel_tcb_cnt                      H'00002496           DAT
                                  _kernel_tcb_ram                      H'004089B4           DAT
                                  _kernel_tcb_ram_tbl                  H'00400002           DAT
                                  _kernel_tcb_rom                      H'00002482           DAT
                                  _kernel_tex_entry                    H'0000215C           ENT
                                  _kernel_tic_cnt                      H'00400052           DAT
                                  _kernel_tic_deno                     H'00002476           DAT



                                  H SERIES LINKAGE EDITOR Ver. 5.3B                      PAGE :     4

                                      ***  LINKAGE EDITOR EXTERNALLY DEFINED SYMBOLS LIST  ***

                                 SYMBOL  NAME                         ADDR                 TYPE

                                  _kernel_tic_div                      H'0000247A           DAT
                                  _kernel_tic_mod                      H'0000247E           DAT
                                  _kernel_tml_head                     H'004089F2           DAT
                                  _kernel_tml_ptr                      H'004089F6           DAT
                                  _memset                              H'000020AC           ENT
                                  _mknl_adf_que                        H'000021C6           ENT
                                  _mknl_ctx_stat                       H'00408A04           DAT
                                  _mknl_dly_dsp                        H'00002212           ENT
                                  _mknl_exe_dsp                        H'00001C46           ENT
                                  _mknl_exe_sys                        H'00001CC0           ENT
                                  _mknl_exe_tex                        H'00001D20           ENT
                                  _mknl_ext_startup                    H'00001D62           ENT
                                  _mknl_idl_loop                       H'00002230           ENT
                                  _mknl_idl_stk                        H'0000246C           DAT
                                  _mknl_idl_stkblk                     H'004008B4           DAT
                                  _mknl_idl_stksz                      H'00002470           DAT
                                  _mknl_idlctx                         H'00408A06           DAT
                                  _mknl_ini_sys                        H'00001DA4           ENT
                                  _mknl_rdq_cnt                        H'00002474           DAT
                                  _mknl_rdq_tbl                        H'00400088           DAT
                                  _mknl_rmv_que                        H'00002240           ENT
                                  _mknl_rmv_tmout                      H'00001DE0           ENT
                                  _mknl_run_mtcb                       H'00400056           DAT
                                  _mknl_srh_top                        H'00002290           ENT
                                  _mknl_sta_startup                    H'00001E70           ENT
                                  _mknl_sta_tsk                        H'00001E7C           ENT
                                  _mknl_ter_tsk                        H'00001EEA           ENT
                                  _mknl_tic_tmout                      H'00001F14           ENT
                                  _mknl_timout_head                    H'00408A0A           DAT
                                  _mknl_wai_tsk                        H'00001FCA           ENT
                                  _mknl_wup_tsk                        H'00001FE4           ENT
                                  _preStartHos                         H'000001B4           ENT
                                  _putBYTESCI1                         H'00000566           ENT
                                  _putCharSCI1                         H'00000576           ENT
                                  _putStringSCI1                       H'00000592           ENT
                                  _slp_tsk                             H'00001634           ENT
                                  _sta_cyc                             H'000016BC           ENT
                                  _sta_hos                             H'00001734           ENT
                                  _sta_tsk                             H'00001762           ENT
                                  _startup                             H'00000100           DAT
                                  _tskID_A                             H'0040005E           DAT
                                  _tskID_B                             H'00400060           DAT
                                  _turnOffLed                          H'00000C40           ENT
                                  _turnOnLed                           H'00000C12           ENT
                                  _wup_tsk                             H'0000182A           ENT



                                  H SERIES LINKAGE EDITOR Ver. 5.3B                      PAGE :     1

                                      ***  LINKAGE EDITOR DEFINE LIST  ***

                                 UNDEFINE SYMBOL                    DEFINED SYMBOL                     DEFINED VALUE

                                  STACK                                                                 H'00FFFF20
