                                        H SERIES LINKAGE EDITOR Ver. 5.3B


LINK COMMAND LINE


LNK /SUB=link.sub 



LINK SUBCOMMANDS


INPUT   crt0,vector,sample,MinSys3069,kernel_cfg
LIBRARY \Progra~1\h8v2\lib\c38ha
LIBRARY \hos_v4\lib\h83\akih8\h4h83aki
DEFINE  STACK(0FFFF20)
PRINT   sample.map
OUTPUT  sample.abs
ROM     (D,X)
START VECT(0),P,C,D(100),X,B(0400000)
EXIT



                                  H SERIES LINKAGE EDITOR Ver. 5.3B                      PAGE :     1

                                        ***     LINKAGE EDITOR LINK MAP LIST      ***


SECTION   NAME                       START      -      END         LENGTH
                                                              UNIT NAME                          MODULE NAME


ATTRIBUTE  :   DATA  NOSHR

VECT                              H'00000000    -    H'000000FF   H'00000100
                                                              vector                             vector                          

* TOTAL ADDRESS *                 H'00000000    -    H'000000FF   H'00000100


ATTRIBUTE  :   CODE  NOSHR

P                                 H'00000100    -    H'000001B3   H'000000B4
                                                              crt0                               crt0                            
                                  H'000001B4    -    H'000002F7   H'00000144
                                                              sample                             sample                          
                                  H'000002F8    -    H'00000D09   H'00000A12
                                                              MinSys3069                         MinSys3069                      
                                  H'00000D0A    -    H'00000D97   H'0000008E
                                                              kernel_cfg                         kernel_cfg                      
                                  H'00000D98    -    H'00000DD3   H'0000003C
                                                              divul3                             divul3                          
                                  H'00000DD4    -    H'00000DF3   H'00000020
                                                              mull3                              mull3                           
                                  H'00000DF4    -    H'00000E1B   H'00000028
                                                              mvn3                               mvn3                            
                                  H'00000E1C    -    H'00000E43   H'00000028
                                                              spregsv3                           spregsv3                        
                                  H'00000E44    -    H'00000E59   H'00000016
                                                              sprgld23                           sprgld23                        
                                  H'00000E5A    -    H'00000ECB   H'00000072
                                                              acre_tsk                           acre_tsk                        
                                  H'00000ECC    -    H'00000FDD   H'00000112
                                                              act_tsk                            act_tsk                         
                                  H'00000FDE    -    H'000010B7   H'000000DA
                                                              chg_pri                            chg_pri                         
                                  H'000010B8    -    H'00001133   H'0000007C
                                                              dly_tsk                            dly_tsk                         
                                  H'00001134    -    H'0000116D   H'0000003A
                                                              get_tim                            get_tim                         
                                  H'0000116E    -    H'0000118B   H'0000001E
                                                              ini_mem                            ini_mem                         
                                  H'0000118C    -    H'00001219   H'0000008E
                                                              ini_tsk                            ini_tsk                         
                                  H'0000121A    -    H'000012F5   H'000000DC
                                                              isig_tim                           isig_tim                        
                                  H'000012F6    -    H'00001691   H'0000039C
                                                              pacint                             pacint                          
                                  H'00001692    -    H'000016BF   H'0000002E
                                                              sta_hos                            sta_hos                         



                                  H SERIES LINKAGE EDITOR Ver. 5.3B                      PAGE :     2

                                        ***     LINKAGE EDITOR LINK MAP LIST      ***


SECTION   NAME                       START      -      END         LENGTH
                                                              UNIT NAME                          MODULE NAME


ATTRIBUTE  :   CODE  NOSHR

P                                 H'000016C0    -    H'0000172F   H'00000070
                                                              cre_hep                            cre_hep                         
                                  H'00001730    -    H'000017C7   H'00000098
                                                              exe_int                            exe_int                         
                                  H'000017C8    -    H'0000186F   H'000000A8
                                                              ext_tsk                            ext_tsk                         
                                  H'00001870    -    H'00001881   H'00000012
                                                              ini_tim                            ini_tim                         
                                  H'00001882    -    H'00001999   H'00000118
                                                              kcre_tsk                           kcre_tsk                        
                                  H'0000199A    -    H'00001A69   H'000000D0
                                                              madd_tmo                           madd_tmo                        
                                  H'00001A6A    -    H'00001A9B   H'00000032
                                                              mchg_pri                           mchg_pri                        
                                  H'00001A9C    -    H'00001B15   H'0000007A
                                                              mexe_dsp                           mexe_dsp                        
                                  H'00001B16    -    H'00001B57   H'00000042
                                                              mexe_tex                           mexe_tex                        
                                  H'00001B58    -    H'00001B99   H'00000042
                                                              mext_stu                           mext_stu                        
                                  H'00001B9A    -    H'00001BD5   H'0000003C
                                                              mini_sys                           mini_sys                        
                                  H'00001BD6    -    H'00001BE1   H'0000000C
                                                              msta_stu                           msta_stu                        
                                  H'00001BE2    -    H'00001C4F   H'0000006E
                                                              msta_tsk                           msta_tsk                        
                                  H'00001C50    -    H'00001D05   H'000000B6
                                                              mtic_tmo                           mtic_tmo                        
                                  H'00001D06    -    H'00001D1F   H'0000001A
                                                              mwai_tsk                           mwai_tsk                        
                                  H'00001D20    -    H'00001D9B   H'0000007C
                                                              pacctx                             pacctx                          
                                  H'00001D9C    -    H'00001D9D   H'00000002
                                                              pacini                             pacini                          
                                  H'00001D9E    -    H'00001DC9   H'0000002C
                                                              memset                             memset                          
                                  H'00001DCA    -    H'00001DE1   H'00000018
                                                              alc_mem                            alc_mem                         
                                  H'00001DE2    -    H'00001E4B   H'0000006A
                                                              ktex_ent                           ktex_ent                        
                                  H'00001E4C    -    H'00001E97   H'0000004C
                                                              madf_que                           madf_que                        
                                  H'00001E98    -    H'00001EB5   H'0000001E
                                                              mdly_dsp                           mdly_dsp                        
                                  H'00001EB6    -    H'00001F15   H'00000060
                                                              mexe_sys                           mexe_sys                        



                                  H SERIES LINKAGE EDITOR Ver. 5.3B                      PAGE :     3

                                        ***     LINKAGE EDITOR LINK MAP LIST      ***


SECTION   NAME                       START      -      END         LENGTH
                                                              UNIT NAME                          MODULE NAME


ATTRIBUTE  :   CODE  NOSHR

P                                 H'00001F16    -    H'00001F25   H'00000010
                                                              midl_lop                           midl_lop                        
                                  H'00001F26    -    H'00001F75   H'00000050
                                                              mrmv_que                           mrmv_que                        
                                  H'00001F76    -    H'00001FAB   H'00000036
                                                              msrh_top                           msrh_top                        
                                  H'00001FAC    -    H'00001FD5   H'0000002A
                                                              mter_tsk                           mter_tsk                        
                                  H'00001FD6    -    H'0000201F   H'0000004A
                                                              mwup_tsk                           mwup_tsk                        
                                  H'00002020    -    H'000020D1   H'000000B2
                                                              alc_hep                            alc_hep                         
                                  H'000020D2    -    H'00002161   H'00000090
                                                              mrmv_tmo                           mrmv_tmo                        

* TOTAL ADDRESS *                 H'00000100    -    H'00002161   H'00002062


ATTRIBUTE  :   DATA  NOSHR

C                                 H'00002162    -    H'00002165   H'00000004
                                                              crt0                               crt0                            
                                  H'00002166    -    H'000021FB   H'00000096
                                                              sample                             sample                          
                                  H'000021FC    -    H'0000222E   H'00000033
                                                              MinSys3069                         MinSys3069                      
                                  H'00002230    -    H'00002277   H'00000048
                                                              kernel_cfg                         kernel_cfg                      

* TOTAL ADDRESS *                 H'00002162    -    H'00002277   H'00000116


ATTRIBUTE  :   DATA  NOSHR ROM

D                                 H'00002278    -    H'00002278   H'00000000
                                                              crt0                               crt0                            
                                  H'00002278    -    H'00002297   H'00000020
                                                              kernel_cfg                         kernel_cfg                      
                                  H'00002298    -    H'00002298   H'00000000
                                                              pacint                             pacint                          
                                  H'00002298    -    H'0000229B   H'00000004
                                                              ini_tim                            ini_tim                         
                                  H'0000229C    -    H'0000229F   H'00000004
                                                              mini_sys                           mini_sys                        
                                  H'000022A0    -    H'000022A1   H'00000002
                                                              pacini                             pacini                          



                                  H SERIES LINKAGE EDITOR Ver. 5.3B                      PAGE :     4

                                        ***     LINKAGE EDITOR LINK MAP LIST      ***


SECTION   NAME                       START      -      END         LENGTH
                                                              UNIT NAME                          MODULE NAME


ATTRIBUTE  :   DATA  NOSHR ROM

D                                 H'000022A2    -    H'000022A3   H'00000002
                                                              ram_int                            ram_int                         

* TOTAL ADDRESS *                 H'00002278    -    H'000022A3   H'0000002C


ATTRIBUTE  :   DATA  NOSHR RAM

X                                 H'00400000    -    H'00400000   H'00000000
                                                              crt0                               crt0                            
                                  H'00400000    -    H'0040001F   H'00000020
                                                              kernel_cfg                         kernel_cfg                      
                                  H'00400020    -    H'00400020   H'00000000
                                                              pacint                             pacint                          
                                  H'00400020    -    H'00400023   H'00000004
                                                              ini_tim                            ini_tim                         
                                  H'00400024    -    H'00400027   H'00000004
                                                              mini_sys                           mini_sys                        
                                  H'00400028    -    H'00400029   H'00000002
                                                              pacini                             pacini                          
                                  H'0040002A    -    H'0040002B   H'00000002
                                                              ram_int                            ram_int                         

* TOTAL ADDRESS *                 H'00400000    -    H'0040002B   H'0000002C


ATTRIBUTE  :   DATA  NOSHR

B                                 H'0040002C    -    H'0040002C   H'00000000
                                                              crt0                               crt0                            
                                  H'0040002C    -    H'0040002F   H'00000004
                                                              sample                             sample                          
                                  H'00400030    -    H'00400053   H'00000024
                                                              MinSys3069                         MinSys3069                      
                                  H'00400054    -    H'0040444D   H'000043FA
                                                              kernel_cfg                         kernel_cfg                      
                                  H'0040444E    -    H'00404455   H'00000008
                                                              ini_mem                            ini_mem                         
                                  H'00404456    -    H'0040445D   H'00000008
                                                              isig_tim                           isig_tim                        
                                  H'0040445E    -    H'00404463   H'00000006
                                                              ini_tim                            ini_tim                         
                                  H'00404464    -    H'00404469   H'00000006
                                                              mini_sys                           mini_sys                        
                                  H'0040446A    -    H'0040446D   H'00000004
                                                              mtic_tmo                           mtic_tmo                        



                                  H SERIES LINKAGE EDITOR Ver. 5.3B                      PAGE :     5

                                        ***     LINKAGE EDITOR LINK MAP LIST      ***


SECTION   NAME                       START      -      END         LENGTH
                                                              UNIT NAME                          MODULE NAME


ATTRIBUTE  :   DATA  NOSHR

B                                 H'0040446E    -    H'00404471   H'00000004
                                                              ram_int                            ram_int                         
                                  H'00404472    -    H'00404475   H'00000004
                                                              mexe_sys                           mexe_sys                        

* TOTAL ADDRESS *                 H'0040002C    -    H'00404475   H'0000444A



                                  H SERIES LINKAGE EDITOR Ver. 5.3B                      PAGE :     1

                                      ***  LINKAGE EDITOR EXTERNALLY DEFINED SYMBOLS LIST  ***

                                 SYMBOL  NAME                         ADDR                 TYPE

                                  $DIVUL$3                             H'00000D98           DAT
                                  $MULL$3                              H'00000DD4           DAT
                                  $MVN$3                               H'00000DF4           DAT
                                  $sp_regsv$3                          H'00000E1C           DAT
                                  $spregld2$3                          H'00000E44           DAT
                                  _LCD_printf                          H'00000BAE           ENT
                                  _LCDclrscr                           H'000006AC           ENT
                                  _LCDgotoxy                           H'00000690           ENT
                                  _LCDputchar                          H'000005F2           ENT
                                  _LCDputs                             H'00000614           ENT
                                  _OnHosStart                          H'000001CA           ENT
                                  _SCI1_ERI_handler                    H'00000364           ENT
                                  _SCI1_RXI_handler                    H'00000328           ENT
                                  _SCI1_printf                         H'00000B62           ENT
                                  _SystemTimerHandler                  H'00000CFE           ENT
                                  _acre_tsk                            H'00000E5A           ENT
                                  _act_tsk                             H'00000ECC           ENT
                                  _check4BitSW                         H'00000C90           ENT
                                  _checkPushSW                         H'00000C64           ENT
                                  _chg_pri                             H'00000FDE           ENT
                                  _chkgetCharSCI1                      H'000003D0           ENT
                                  _dly_tsk                             H'000010B8           ENT
                                  _ext_tsk                             H'000017C8           ENT
                                  _get4BitSW                           H'00000C8A           ENT
                                  _getCharSCI1                         H'00000372           ENT
                                  _getIntSCI1                          H'0000046C           ENT
                                  _getPushSW                           H'00000C56           ENT
                                  _getStringSCI1                       H'00000424           ENT
                                  _get_tim                             H'00001134           ENT
                                  _hos_vector001                       H'000012F6           DAT
                                  _hos_vector002                       H'00001302           DAT
                                  _hos_vector003                       H'0000130E           DAT
                                  _hos_vector004                       H'0000131A           DAT
                                  _hos_vector005                       H'00001326           DAT
                                  _hos_vector006                       H'00001332           DAT
                                  _hos_vector007                       H'0000133E           DAT
                                  _hos_vector008                       H'0000134A           DAT
                                  _hos_vector009                       H'00001356           DAT
                                  _hos_vector010                       H'00001362           DAT
                                  _hos_vector011                       H'0000136E           DAT
                                  _hos_vector012                       H'0000137C           DAT
                                  _hos_vector013                       H'00001388           DAT
                                  _hos_vector014                       H'00001394           DAT
                                  _hos_vector015                       H'000013A0           DAT
                                  _hos_vector016                       H'000013AC           DAT
                                  _hos_vector017                       H'000013B8           DAT
                                  _hos_vector018                       H'000013C4           DAT
                                  _hos_vector019                       H'000013D0           DAT
                                  _hos_vector020                       H'000013DC           DAT
                                  _hos_vector021                       H'000013E8           DAT
                                  _hos_vector022                       H'000013F4           DAT



                                  H SERIES LINKAGE EDITOR Ver. 5.3B                      PAGE :     2

                                      ***  LINKAGE EDITOR EXTERNALLY DEFINED SYMBOLS LIST  ***

                                 SYMBOL  NAME                         ADDR                 TYPE

                                  _hos_vector023                       H'00001400           DAT
                                  _hos_vector024                       H'0000140C           DAT
                                  _hos_vector025                       H'00001418           DAT
                                  _hos_vector026                       H'00001424           DAT
                                  _hos_vector027                       H'00001430           DAT
                                  _hos_vector028                       H'0000143C           DAT
                                  _hos_vector029                       H'00001448           DAT
                                  _hos_vector030                       H'00001454           DAT
                                  _hos_vector031                       H'00001460           DAT
                                  _hos_vector032                       H'0000146C           DAT
                                  _hos_vector033                       H'0000147A           DAT
                                  _hos_vector034                       H'00001486           DAT
                                  _hos_vector035                       H'00001492           DAT
                                  _hos_vector036                       H'0000149E           DAT
                                  _hos_vector037                       H'000014AA           DAT
                                  _hos_vector038                       H'000014B6           DAT
                                  _hos_vector039                       H'000014C2           DAT
                                  _hos_vector040                       H'000014CE           DAT
                                  _hos_vector041                       H'000014DA           DAT
                                  _hos_vector042                       H'000014E6           DAT
                                  _hos_vector043                       H'000014F2           DAT
                                  _hos_vector044                       H'000014FE           DAT
                                  _hos_vector045                       H'0000150A           DAT
                                  _hos_vector046                       H'00001516           DAT
                                  _hos_vector047                       H'00001522           DAT
                                  _hos_vector048                       H'0000152E           DAT
                                  _hos_vector049                       H'0000153A           DAT
                                  _hos_vector050                       H'00001546           DAT
                                  _hos_vector051                       H'00001552           DAT
                                  _hos_vector052                       H'0000155E           DAT
                                  _hos_vector053                       H'0000156C           DAT
                                  _hos_vector054                       H'00001578           DAT
                                  _hos_vector055                       H'00001584           DAT
                                  _hos_vector056                       H'00001590           DAT
                                  _hos_vector057                       H'0000159C           DAT
                                  _hos_vector058                       H'000015A8           DAT
                                  _hos_vector059                       H'000015B4           DAT
                                  _hos_vector060                       H'000015C0           DAT
                                  _hos_vector061                       H'000015CC           DAT
                                  _hos_vector062                       H'000015D8           DAT
                                  _hos_vector063                       H'000015E4           DAT
                                  _hospac_cre_ctx_asm                  H'00001D32           DAT
                                  _hospac_dis_int                      H'00001D20           DAT
                                  _hospac_ena_int                      H'00001D24           DAT
                                  _hospac_ini_sys                      H'00001D9C           ENT
                                  _hospac_swi_ctx                      H'00001D66           DAT
                                  _idletask                            H'00000D08           ENT
                                  _initLCD                             H'0000062A           ENT
                                  _initSCI1                            H'000002F8           ENT
                                  _initSystemTimer                     H'00000CF2           ENT
                                  _isig_tim                            H'0000121A           ENT



                                  H SERIES LINKAGE EDITOR Ver. 5.3B                      PAGE :     3

                                      ***  LINKAGE EDITOR EXTERNALLY DEFINED SYMBOLS LIST  ***

                                 SYMBOL  NAME                         ADDR                 TYPE

                                  _kernel_alc_hep                      H'00002020           ENT
                                  _kernel_alc_mem                      H'00001DCA           ENT
                                  _kernel_almcb_cnt                    H'0000226C           DAT
                                  _kernel_cfg_init                     H'00000D0A           ENT
                                  _kernel_cfg_start                    H'00000D70           ENT
                                  _kernel_cre_hep                      H'000016C0           ENT
                                  _kernel_cre_tsk                      H'00001882           ENT
                                  _kernel_cyccb_cnt                    H'0000226A           DAT
                                  _kernel_dtqcb_cnt                    H'00002260           DAT
                                  _kernel_end_int                      H'00001740           ENT
                                  _kernel_exccb_cnt                    H'00002274           DAT
                                  _kernel_exccb_tbl                    H'0040087C           DAT
                                  _kernel_exe_int                      H'00001752           ENT
                                  _kernel_flgcb_cnt                    H'0000225E           DAT
                                  _kernel_h83_ibmsk                    H'00400029           DAT
                                  _kernel_h83_imsk                     H'00400028           DAT
                                  _kernel_heap_mem                     H'00400900           DAT
                                  _kernel_ini_mem                      H'0000116E           ENT
                                  _kernel_ini_tim                      H'00001870           ENT
                                  _kernel_ini_tsk                      H'0000118C           ENT
                                  _kernel_int_cnt                      H'0040002A           DAT
                                  _kernel_int_sp                       H'00002162           DAT
                                  _kernel_int_ssp                      H'0040446E           DAT
                                  _kernel_intcb_cnt                    H'0000226E           DAT
                                  _kernel_intcb_tbl                    H'00400074           DAT
                                  _kernel_isrcb_cnt                    H'00002272           DAT
                                  _kernel_mbfcb_cnt                    H'00002264           DAT
                                  _kernel_mbxcb_cnt                    H'00002262           DAT
                                  _kernel_mem_hep                      H'0040444E           DAT
                                  _kernel_min_excno                    H'00002276           DAT
                                  _kernel_min_intno                    H'00002270           DAT
                                  _kernel_mpfcb_cnt                    H'00002266           DAT
                                  _kernel_mplcb_cnt                    H'00002268           DAT
                                  _kernel_semcb_cnt                    H'0000225C           DAT
                                  _kernel_sta_int                      H'00001730           ENT
                                  _kernel_systim                       H'0040445E           DAT
                                  _kernel_task_entry                   H'000011D4           ENT
                                  _kernel_tcb_cnt                      H'0000225A           DAT
                                  _kernel_tcb_ram                      H'00404418           DAT
                                  _kernel_tcb_ram_tbl                  H'00400000           DAT
                                  _kernel_tcb_rom                      H'00002246           DAT
                                  _kernel_tex_entry                    H'00001DE2           ENT
                                  _kernel_tic_cnt                      H'00400020           DAT
                                  _kernel_tic_deno                     H'0000223A           DAT
                                  _kernel_tic_div                      H'0000223E           DAT
                                  _kernel_tic_mod                      H'00002242           DAT
                                  _kernel_tml_head                     H'00404456           DAT
                                  _kernel_tml_ptr                      H'0040445A           DAT
                                  _memset                              H'00001D9E           ENT
                                  _mknl_add_tmout                      H'0000199A           ENT
                                  _mknl_adf_que                        H'00001E4C           ENT



                                  H SERIES LINKAGE EDITOR Ver. 5.3B                      PAGE :     4

                                      ***  LINKAGE EDITOR EXTERNALLY DEFINED SYMBOLS LIST  ***

                                 SYMBOL  NAME                         ADDR                 TYPE

                                  _mknl_chg_pri                        H'00001A6A           ENT
                                  _mknl_ctx_stat                       H'00404464           DAT
                                  _mknl_dly_dsp                        H'00001E98           ENT
                                  _mknl_exe_dsp                        H'00001A9C           ENT
                                  _mknl_exe_sys                        H'00001EB6           ENT
                                  _mknl_exe_tex                        H'00001B16           ENT
                                  _mknl_ext_startup                    H'00001B58           ENT
                                  _mknl_idl_loop                       H'00001F16           ENT
                                  _mknl_idl_stk                        H'00002230           DAT
                                  _mknl_idl_stkblk                     H'00400880           DAT
                                  _mknl_idl_stksz                      H'00002234           DAT
                                  _mknl_idlctx                         H'00404466           DAT
                                  _mknl_ini_sys                        H'00001B9A           ENT
                                  _mknl_rdq_cnt                        H'00002238           DAT
                                  _mknl_rdq_tbl                        H'00400054           DAT
                                  _mknl_rmv_que                        H'00001F26           ENT
                                  _mknl_rmv_tmout                      H'000020D2           ENT
                                  _mknl_run_mtcb                       H'00400024           DAT
                                  _mknl_srh_top                        H'00001F76           ENT
                                  _mknl_sta_startup                    H'00001BD6           ENT
                                  _mknl_sta_tsk                        H'00001BE2           ENT
                                  _mknl_ter_tsk                        H'00001FAC           ENT
                                  _mknl_tic_tmout                      H'00001C50           ENT
                                  _mknl_timout_head                    H'0040446A           DAT
                                  _mknl_wai_tsk                        H'00001D06           ENT
                                  _mknl_wup_tsk                        H'00001FD6           ENT
                                  _preStartHos                         H'000001B4           ENT
                                  _primeNumber                         H'00000298           ENT
                                  _printTime                           H'00000242           ENT
                                  _putBYTESCI1                         H'0000054E           ENT
                                  _putCharSCI1                         H'0000055E           ENT
                                  _putStringSCI1                       H'0000057A           ENT
                                  _sta_hos                             H'00001692           ENT
                                  _startup                             H'00000100           DAT
                                  _tskID1                              H'0040002C           DAT
                                  _tskID2                              H'0040002E           DAT
                                  _turnOffLed                          H'00000C28           ENT
                                  _turnOnLed                           H'00000BFA           ENT



                                  H SERIES LINKAGE EDITOR Ver. 5.3B                      PAGE :     1

                                      ***  LINKAGE EDITOR DEFINE LIST  ***

                                 UNDEFINE SYMBOL                    DEFINED SYMBOL                     DEFINED VALUE

                                  STACK                                                                 H'00FFFF20
